// Jest Snapshot v1, https://goo.gl/fbAQLP

exports[`<ExampleClassComponent /> should render <ExampleClassComponent /> 1`] = `
<div>
  <div
    class="example-class-component"
  >
    <span
      class="example-class-component__counter"
      data-testid="qa-counter-value"
    >
      <span>
        Counter
      </span>
      : 
      10
    </span>
    <button
      class="example-class-component__button"
    >
      <span>
        Click Me
      </span>
    </button>
  </div>
</div>
`;
